// Jest Snapshot v1, https://goo.gl/fbAQLP

exports[`should render books list item with book 1`] = `
<div>
  <Link
    to="/edit-book/1"
  >
    <h3>
      React Book
      <span>
         - 
        This is the first react book
      </span>
    </h3>
  </Link>
  <p>
    54500
  </p>
  <p>
    0
  </p>
</div>
`;
