// Jest Snapshot v1, https://goo.gl/fbAQLP

exports[`should render dashboard page 1`] = `
<div>
  <Connect(BooksSummary) />
  <div
    className="content-container"
  >
    <div
      className="results-layout"
    >
      <SideBar />
      <div
        className="books-list"
      >
        <Connect(BookListFilters) />
        <Connect(BooksList) />
      </div>
    </div>
  </div>
</div>
`;
