// Jest Snapshot v1, https://goo.gl/fbAQLP

exports[`should render EditBookPage correctly 1`] = `
<div>
  <div
    className="page-header"
  >
    <div
      className="content-container"
    >
      <h1
        className="page-header__title"
      >
        Edit Book
      </h1>
    </div>
  </div>
  <div
    className="content-container"
  >
    <BookForm
      book={
        Object {
          "description": "This is the first node book",
          "id": "3",
          "price": 64500,
          "publishedAt": 345600000,
          "title": "Node Book",
        }
      }
      onSubmit={[Function]}
    />
    <button
      className="button button--secondary"
      onClick={[Function]}
    >
      Remove Book
    </button>
  </div>
</div>
`;
