// Jest Snapshot v1, https://goo.gl/fbAQLP

exports[`should render Header correctly based off of snapshot 1`] = `
<header>
  <h1>
    Library Management
  </h1>
  <NavLink
    activeClassName="is-active"
    exact={true}
    to="/"
  >
    Dashboard Page
  </NavLink>
  <NavLink
    activeClassName="is-active"
    to="/add-book"
  >
    Add Book Page
  </NavLink>
  <NavLink
    activeClassName="is-active"
    to="/help"
  >
    Help Page
  </NavLink>
</header>
`;
